[?25l[?2004h   endpoints                                       
                                                   
  19 items                                         
                                                   
â”‚ POST /pet                                        
â”‚ Add a new pet to the store pet                   
                                                   
  PUT /pet                                         
  Update an existing pet pet                       
                                                   
  GET /pet/findByStatus                            
  Finds Pets by status pet                         
                                                   
  GET /pet/findByTags                              
  Finds Pets by tags pet                           
                                                   
  GET /pet/{petId}                                 
  Find pet by ID pet                               
                                                   
  POST /pet/{petId}                                
  Updates a pet in the store with form data pet    
                                                   
  DELETE /pet/{petId}                              
  Deletes a pet pet                                
                                                   
  POST /pet/{petId}/uploadImage                    
  uploads an image pet                             
                                                   
  GET /store/inventory                             
  Returns pet inventories by status store          
                                                   
  POST /store/order                                
  Place an order for a pet store                   
                                                   
  GET /store/order/{orderId}                       
  Find purchase order by ID store                  
                                                   
  DELETE /store/order/{orderId}                    
  Delete purchase order by ID store                
                                                   
  POST /user                                       
  Create user user                                 
                                                   
  POST /user/createWithList                        
  Creates list of users with given input array user
                                                   
  GET /user/login                                  
  Logs user into the system user                   
                                                   
  GET /user/logout                                 
  Logs out current logged in user session user     
                                                   
  GET /user/{username}                             
  Get user by user name user                       
                                                   
  PUT /user/{username}                             
  Update user user                                 
                                                   
  DELETE /user/{username}                          
  Delete user user                                 
                                                   
                                                   
                                                   
                                                   
                                                   
                                                   
                                                   
                                                   
                                                   
                                                   
                                                   
                                                   
                                                   
                                                   
                                                   
                                                   
                                                   
                                                   
                                                   
                                                   
                                                   
                                                   
                                                   
                                                   
                                                   
                                                   
                                                   
                                                   
                                                   
                                                   
                                                   
                                                   
                                                   
                                                   
                                                   
                                                   
                                                   
                                                   
                                                   
  â†‘/k up â€¢ â†“/j down â€¢ / filter â€¢ q quit â€¢ ? more   [300D[2K[?2004l[?25h[?1002l[?1003l[?1006l