[?25l[?2004h  Endpoints                                                        [K
                                                                   [K
  ‚Äúuser‚Äù 7 items 12 filtered                                       [K
                                                                   [K
‚îÉ POST /user                                                       [K
‚îÉ Create user                                                      [K
                                                                   [K
  GET /user/login                                                  [K
  Logs user into the system                                        [K
                                                                   [K
  GET /user/logout                                                 [K
  Logs out current logged in user session                          [K
                                                                   [K
  GET /user/{username}                                             [K
  Get user by user name                                            [K
                                                                   [K
  PUT /user/{username}                                             [K
  Update user                                                      [K
                                                                   [K
  DELETE /user/{username}                                          [K
  Delete user                                                      [K
                                                                   [K
  POST /user/createWithList                                        [K
  Creates list of users with given input array                     [K
                                                                   [K
                                                                   [K
                                                                   [K
                                                                   [K
                                                                   [K
                                                                   [K
                                                                   [K
                                                                   [K
                                                                   [K
                                                                   [K
                                                                   [K
                                                                   [K
                                                                   [K
                                                                   [K
                                                                   [K
                                                                   [K
                                                                   [K
                                                                   [K
                                                                   [K
                                                                   [K
                                                                   [K
                                                                   [K
                                                                   [K
                                                                   [K
                                                                   [K
                                                                   [K
                                                                   [K
                                                                   [K
                                                                   [K
                                                                   [K
                                                                   [K
                                                                   [K
                                                                   [K
                                                                   [K
                                                                   [K
                                                                   [K
                                                                   [K
                                                                   [K
                                                                   [K
                                                                   [K
                                                                   [K
                                                                   [K
                                                                   [K
                                                                   [K
                                                                   [K
                                                                   [K
                                                                   [K
                                                                   [K
                                                                   [K
                                                                   [K
                                                                   [K
                                                                   [K
                                                                   [K
                                                                   [K
                                                                   [K
                                                                   [K
                                                                   [K
                                                                   [K
                                                                   [K
                                                                   [K
                                                                   [K
                                                                   [K
                                                                   [K
                                                                   [K
                                                                   [K
                                                                   [K
                                                                   [K
                                                                   [K
                                                                   [K
                                                                   [K
                                                                   [K
                                                                   [K
                                                                   [K
                                                                   [K
                                                                   [K
  ‚Üë/k up ‚Ä¢ ‚Üì/j down ‚Ä¢ / filter ‚Ä¢ esc clear filter ‚Ä¢ q quit ‚Ä¢ ? more[K[300D[2K[?2004l[?25h[?1002l[?1003l[?1006l