[?25l[?2004h   endpoints                                    
                                                
  19 items                                      
                                                
  POST /pet                                     
  Add a new pet to the store                    
                                                
â”ƒ PUT /pet                                      
â”ƒ Update an existing pet                        
                                                
  GET /pet/findByStatus                         
  Finds Pets by status                          
                                                
  GET /pet/findByTags                           
  Finds Pets by tags                            
                                                
  GET /pet/{petId}                              
  Find pet by ID                                
                                                
  POST /pet/{petId}                             
  Updates a pet in the store with form data     
                                                
  DELETE /pet/{petId}                           
  Deletes a pet                                 
                                                
  POST /pet/{petId}/uploadImage                 
  uploads an image                              
                                                
  GET /store/inventory                          
  Returns pet inventories by status             
                                                
  POST /store/order                             
  Place an order for a pet                      
                                                
  GET /store/order/{orderId}                    
  Find purchase order by ID                     
                                                
  DELETE /store/order/{orderId}                 
  Delete purchase order by ID                   
                                                
  POST /user                                    
  Create user                                   
                                                
  POST /user/createWithList                     
  Creates list of users with given input array  
                                                
  GET /user/login                               
  Logs user into the system                     
                                                
  GET /user/logout                              
  Logs out current logged in user session       
                                                
  GET /user/{username}                          
  Get user by user name                         
                                                
  PUT /user/{username}                          
  Update user                                   
                                                
  DELETE /user/{username}                       
  Delete user                                   
                                                
                                                
                                                
                                                
                                                
                                                
                                                
                                                
                                                
                                                
                                                
                                                
                                                
                                                
                                                
                                                
                                                
                                                
                                                
                                                
                                                
                                                
                                                
                                                
                                                
                                                
                                                
                                                
                                                
                                                
                                                
                                                
                                                
                                                
                                                
                                                
                                                
                                                
                                                
  â†‘/k up â€¢ â†“/j down â€¢ / filter â€¢ q quit â€¢ ? more[300D[2K[?2004l[?25h[?1002l[?1003l[?1006l